../Core/Src/main.c:114:13:ResetRacePosition	24	static
../Core/Src/main.c:215:13:UpdateCar	64	static
../Core/Src/main.c:318:12:PositiveMod	24	static
../Core/Src/main.c:330:12:FloorDiv32	16	static
../Core/Src/main.c:343:16:IsCarOnGrass	24	static
../Core/Src/main.c:388:13:RenderVillaNuevaLineFast	64	static
../Core/Src/main.c:489:13:RenderCAESLineFast	64	static
../Core/Src/main.c:600:13:SetPixelInLine	16	static
../Core/Src/main.c:616:17:GetCarPixelForPlayer	40	static
../Core/Src/main.c:649:13:GetGlyph	312	static
../Core/Src/main.c:833:13:DrawChar5x7	56	static
../Core/Src/main.c:862:13:DrawText5x7	32	static
../Core/Src/main.c:885:13:DrawMenu	16	static
../Core/Src/main.c:952:13:DrawMapSelect	16	static
../Core/Src/main.c:985:13:DrawCarSelect	56	static
../Core/Src/main.c:1091:13:DrawCarOnLine	72	static
../Core/Src/main.c:1168:13:DrawSpeedBarLine	48	static
../Core/Src/main.c:1252:13:RenderFrame	88	static
../Core/Src/main.c:1571:5:main	56	static
../Core/Src/main.c:2110:6:SystemClock_Config	88	static
../Core/Src/main.c:2158:13:MX_SPI1_Init	8	static
../Core/Src/main.c:2194:13:MX_DMA_Init	16	static
../Core/Src/main.c:2212:13:MX_GPIO_Init	48	static
../Core/Src/main.c:2288:6:Error_Handler	4	static,ignoring_inline_asm
